========================================
Job ID:    68187
Host:      blas
Start:     Fri Sep 25 16:55:26 CEST 2026
Directory: /home/ouesly/CBMC
========================================
Running all 4 experiments sequentially via mamba run...
Device: cuda

>>> Run 1/5 for exp_gen_mnist

=== [EXP 1] Generation — ArithmeticMNIST (ConvVAE) ===
  Epoch 1/20  loss=904.9706  recon=886.4487  kl=18.5220
  -> saved samples: outputs/samples/exp_gen_mnist/epoch_001.png
  Epoch 2/20  loss=742.4367  recon=732.8985  kl=9.5382
  -> saved samples: outputs/samples/exp_gen_mnist/epoch_002.png
  Epoch 3/20  loss=618.4902  recon=587.5363  kl=30.9539
  -> saved samples: outputs/samples/exp_gen_mnist/epoch_003.png
  Epoch 4/20  loss=537.9300  recon=495.9203  kl=42.0097
  -> saved samples: outputs/samples/exp_gen_mnist/epoch_004.png
  Epoch 5/20  loss=494.9082  recon=447.3649  kl=47.5433
  -> saved samples: outputs/samples/exp_gen_mnist/epoch_005.png
  Epoch 6/20  loss=470.3197  recon=420.2088  kl=50.1109
  -> saved samples: outputs/samples/exp_gen_mnist/epoch_006.png
  Epoch 7/20  loss=456.9290  recon=405.1757  kl=51.7533
  -> saved samples: outputs/samples/exp_gen_mnist/epoch_007.png
  Epoch 8/20  loss=448.8878  recon=396.2529  kl=52.6349
  -> saved samples: outputs/samples/exp_gen_mnist/epoch_008.png
  Epoch 9/20  loss=441.8398  recon=388.7948  kl=53.0449
  -> saved samples: outputs/samples/exp_gen_mnist/epoch_009.png
  Epoch 10/20  loss=438.1112  recon=384.8717  kl=53.2395
  -> saved samples: outputs/samples/exp_gen_mnist/epoch_010.png
  Epoch 11/20  loss=434.5659  recon=381.2767  kl=53.2891
  -> saved samples: outputs/samples/exp_gen_mnist/epoch_011.png
  Epoch 12/20  loss=432.4273  recon=379.0956  kl=53.3317
  -> saved samples: outputs/samples/exp_gen_mnist/epoch_012.png
  Epoch 13/20  loss=430.0934  recon=376.7852  kl=53.3082
  -> saved samples: outputs/samples/exp_gen_mnist/epoch_013.png
  Epoch 14/20  loss=427.5771  recon=374.1273  kl=53.4498
  -> saved samples: outputs/samples/exp_gen_mnist/epoch_014.png
  Epoch 15/20  loss=426.4159  recon=372.9527  kl=53.4633
  -> saved samples: outputs/samples/exp_gen_mnist/epoch_015.png
  Epoch 16/20  loss=424.7635  recon=371.2934  kl=53.4700
  -> saved samples: outputs/samples/exp_gen_mnist/epoch_016.png
  Epoch 17/20  loss=423.2411  recon=369.7996  kl=53.4415
  -> saved samples: outputs/samples/exp_gen_mnist/epoch_017.png
  Epoch 18/20  loss=421.6470  recon=368.2289  kl=53.4181
  -> saved samples: outputs/samples/exp_gen_mnist/epoch_018.png
  Epoch 19/20  loss=420.6613  recon=367.2933  kl=53.3679
  -> saved samples: outputs/samples/exp_gen_mnist/epoch_019.png
  Epoch 20/20  loss=420.0175  recon=366.6865  kl=53.3311
  -> saved samples: outputs/samples/exp_gen_mnist/epoch_020.png
Config saved to outputs/exp_gen_mnist/model_config.json
Config saved to outputs/exp_gen_mnist/train_config.json

>>> Run 2/5 for exp_gen_mnist

=== [EXP 1] Generation — ArithmeticMNIST (ConvVAE) ===
  Epoch 1/20  loss=865.0940  recon=848.3377  kl=16.7563
  -> saved samples: outputs/samples/exp_gen_mnist/epoch_001.png
  Epoch 2/20  loss=668.9962  recon=645.8288  kl=23.1674
  -> saved samples: outputs/samples/exp_gen_mnist/epoch_002.png
  Epoch 3/20  loss=559.9575  recon=520.7815  kl=39.1760
  -> saved samples: outputs/samples/exp_gen_mnist/epoch_003.png
  Epoch 4/20  loss=506.2516  recon=459.0669  kl=47.1846
  -> saved samples: outputs/samples/exp_gen_mnist/epoch_004.png
  Epoch 5/20  loss=475.3441  recon=424.3734  kl=50.9707
  -> saved samples: outputs/samples/exp_gen_mnist/epoch_005.png
  Epoch 6/20  loss=461.0638  recon=408.6458  kl=52.4180
  -> saved samples: outputs/samples/exp_gen_mnist/epoch_006.png
  Epoch 7/20  loss=450.9543  recon=397.5708  kl=53.3835
  -> saved samples: outputs/samples/exp_gen_mnist/epoch_007.png
  Epoch 8/20  loss=444.0218  recon=390.2692  kl=53.7527
  -> saved samples: outputs/samples/exp_gen_mnist/epoch_008.png
  Epoch 9/20  loss=439.1685  recon=385.1664  kl=54.0021
  -> saved samples: outputs/samples/exp_gen_mnist/epoch_009.png
  Epoch 10/20  loss=435.5432  recon=381.3820  kl=54.1613
  -> saved samples: outputs/samples/exp_gen_mnist/epoch_010.png
  Epoch 11/20  loss=433.0467  recon=378.8964  kl=54.1503
  -> saved samples: outputs/samples/exp_gen_mnist/epoch_011.png
  Epoch 12/20  loss=430.1102  recon=376.0031  kl=54.1071
  -> saved samples: outputs/samples/exp_gen_mnist/epoch_012.png
  Epoch 13/20  loss=428.1985  recon=374.0431  kl=54.1554
  -> saved samples: outputs/samples/exp_gen_mnist/epoch_013.png
  Epoch 14/20  loss=426.6519  recon=372.4892  kl=54.1627
  -> saved samples: outputs/samples/exp_gen_mnist/epoch_014.png
  Epoch 15/20  loss=424.5756  recon=370.3587  kl=54.2169
  -> saved samples: outputs/samples/exp_gen_mnist/epoch_015.png
  Epoch 16/20  loss=423.3545  recon=369.0974  kl=54.2571
  -> saved samples: outputs/samples/exp_gen_mnist/epoch_016.png
  Epoch 17/20  loss=422.3164  recon=368.0649  kl=54.2515
  -> saved samples: outputs/samples/exp_gen_mnist/epoch_017.png
  Epoch 18/20  loss=421.0647  recon=366.8530  kl=54.2117
  -> saved samples: outputs/samples/exp_gen_mnist/epoch_018.png
  Epoch 19/20  loss=419.6538  recon=365.5691  kl=54.0847
  -> saved samples: outputs/samples/exp_gen_mnist/epoch_019.png
  Epoch 20/20  loss=418.7761  recon=364.5177  kl=54.2584
  -> saved samples: outputs/samples/exp_gen_mnist/epoch_020.png
Config saved to outputs/exp_gen_mnist/model_config.json
Config saved to outputs/exp_gen_mnist/train_config.json

>>> Run 3/5 for exp_gen_mnist

=== [EXP 1] Generation — ArithmeticMNIST (ConvVAE) ===
  Epoch 1/20  loss=902.6500  recon=883.8786  kl=18.7714
  -> saved samples: outputs/samples/exp_gen_mnist/epoch_001.png
  Epoch 2/20  loss=683.6430  recon=663.7137  kl=19.9292
  -> saved samples: outputs/samples/exp_gen_mnist/epoch_002.png
  Epoch 3/20  loss=582.4973  recon=547.4401  kl=35.0572
  -> saved samples: outputs/samples/exp_gen_mnist/epoch_003.png
  Epoch 4/20  loss=523.0870  recon=479.3004  kl=43.7866
  -> saved samples: outputs/samples/exp_gen_mnist/epoch_004.png
  Epoch 5/20  loss=486.6158  recon=438.2534  kl=48.3624
  -> saved samples: outputs/samples/exp_gen_mnist/epoch_005.png
  Epoch 6/20  loss=466.6046  recon=416.0094  kl=50.5952
  -> saved samples: outputs/samples/exp_gen_mnist/epoch_006.png
  Epoch 7/20  loss=454.0572  recon=402.1617  kl=51.8955
  -> saved samples: outputs/samples/exp_gen_mnist/epoch_007.png
  Epoch 8/20  loss=446.2337  recon=393.5194  kl=52.7144
  -> saved samples: outputs/samples/exp_gen_mnist/epoch_008.png
  Epoch 9/20  loss=440.8250  recon=387.8505  kl=52.9745
  -> saved samples: outputs/samples/exp_gen_mnist/epoch_009.png
  Epoch 10/20  loss=436.7908  recon=383.5129  kl=53.2779
  -> saved samples: outputs/samples/exp_gen_mnist/epoch_010.png
  Epoch 11/20  loss=433.2372  recon=379.8588  kl=53.3784
  -> saved samples: outputs/samples/exp_gen_mnist/epoch_011.png
  Epoch 12/20  loss=431.3391  recon=377.9346  kl=53.4045
  -> saved samples: outputs/samples/exp_gen_mnist/epoch_012.png
  Epoch 13/20  loss=429.3230  recon=375.7965  kl=53.5265
  -> saved samples: outputs/samples/exp_gen_mnist/epoch_013.png
  Epoch 14/20  loss=427.2645  recon=373.5818  kl=53.6827
  -> saved samples: outputs/samples/exp_gen_mnist/epoch_014.png
  Epoch 15/20  loss=425.7358  recon=372.0899  kl=53.6460
  -> saved samples: outputs/samples/exp_gen_mnist/epoch_015.png
  Epoch 16/20  loss=423.2813  recon=369.8203  kl=53.4610
  -> saved samples: outputs/samples/exp_gen_mnist/epoch_016.png
  Epoch 17/20  loss=422.3592  recon=368.6681  kl=53.6911
  -> saved samples: outputs/samples/exp_gen_mnist/epoch_017.png
  Epoch 18/20  loss=421.3333  recon=367.7323  kl=53.6009
  -> saved samples: outputs/samples/exp_gen_mnist/epoch_018.png
  Epoch 19/20  loss=420.1151  recon=366.4435  kl=53.6715
  -> saved samples: outputs/samples/exp_gen_mnist/epoch_019.png
  Epoch 20/20  loss=419.2870  recon=365.6899  kl=53.5972
  -> saved samples: outputs/samples/exp_gen_mnist/epoch_020.png
Config saved to outputs/exp_gen_mnist/model_config.json
Config saved to outputs/exp_gen_mnist/train_config.json

>>> Run 4/5 for exp_gen_mnist

=== [EXP 1] Generation — ArithmeticMNIST (ConvVAE) ===
  Epoch 1/20  loss=987.6331  recon=940.3595  kl=47.2737
  -> saved samples: outputs/samples/exp_gen_mnist/epoch_001.png
  Epoch 2/20  loss=751.1184  recon=744.3511  kl=6.7673
  -> saved samples: outputs/samples/exp_gen_mnist/epoch_002.png
  Epoch 3/20  loss=706.3584  recon=692.3790  kl=13.9794
  -> saved samples: outputs/samples/exp_gen_mnist/epoch_003.png
  Epoch 4/20  loss=596.6422  recon=563.7287  kl=32.9135
  -> saved samples: outputs/samples/exp_gen_mnist/epoch_004.png
  Epoch 5/20  loss=534.7933  recon=493.0982  kl=41.6951
  -> saved samples: outputs/samples/exp_gen_mnist/epoch_005.png
  Epoch 6/20  loss=501.0166  recon=455.0880  kl=45.9287
  -> saved samples: outputs/samples/exp_gen_mnist/epoch_006.png
  Epoch 7/20  loss=480.2499  recon=431.8042  kl=48.4457
  -> saved samples: outputs/samples/exp_gen_mnist/epoch_007.png
  Epoch 8/20  loss=466.4228  recon=416.3939  kl=50.0288
  -> saved samples: outputs/samples/exp_gen_mnist/epoch_008.png
  Epoch 9/20  loss=456.7728  recon=405.9118  kl=50.8610
  -> saved samples: outputs/samples/exp_gen_mnist/epoch_009.png
  Epoch 10/20  loss=449.1760  recon=397.6870  kl=51.4890
  -> saved samples: outputs/samples/exp_gen_mnist/epoch_010.png
  Epoch 11/20  loss=443.1591  recon=391.0640  kl=52.0951
  -> saved samples: outputs/samples/exp_gen_mnist/epoch_011.png
  Epoch 12/20  loss=439.3106  recon=386.9377  kl=52.3728
  -> saved samples: outputs/samples/exp_gen_mnist/epoch_012.png
  Epoch 13/20  loss=435.5540  recon=382.9949  kl=52.5591
  -> saved samples: outputs/samples/exp_gen_mnist/epoch_013.png
  Epoch 14/20  loss=432.9967  recon=380.4171  kl=52.5797
  -> saved samples: outputs/samples/exp_gen_mnist/epoch_014.png
  Epoch 15/20  loss=430.5058  recon=377.6176  kl=52.8882
  -> saved samples: outputs/samples/exp_gen_mnist/epoch_015.png
  Epoch 16/20  loss=429.4627  recon=376.5685  kl=52.8942
  -> saved samples: outputs/samples/exp_gen_mnist/epoch_016.png
  Epoch 17/20  loss=427.6223  recon=374.6822  kl=52.9402
  -> saved samples: outputs/samples/exp_gen_mnist/epoch_017.png
  Epoch 18/20  loss=425.9290  recon=372.9242  kl=53.0048
  -> saved samples: outputs/samples/exp_gen_mnist/epoch_018.png
  Epoch 19/20  loss=424.7560  recon=371.7581  kl=52.9979
  -> saved samples: outputs/samples/exp_gen_mnist/epoch_019.png
  Epoch 20/20  loss=423.4366  recon=370.4851  kl=52.9515
  -> saved samples: outputs/samples/exp_gen_mnist/epoch_020.png
Config saved to outputs/exp_gen_mnist/model_config.json
Config saved to outputs/exp_gen_mnist/train_config.json

>>> Run 5/5 for exp_gen_mnist

=== [EXP 1] Generation — ArithmeticMNIST (ConvVAE) ===
  Epoch 1/20  loss=919.1281  recon=888.3013  kl=30.8268
  -> saved samples: outputs/samples/exp_gen_mnist/epoch_001.png
  Epoch 2/20  loss=696.5771  recon=678.4618  kl=18.1154
  -> saved samples: outputs/samples/exp_gen_mnist/epoch_002.png
  Epoch 3/20  loss=597.4980  recon=563.7267  kl=33.7713
  -> saved samples: outputs/samples/exp_gen_mnist/epoch_003.png
  Epoch 4/20  loss=540.9874  recon=499.4964  kl=41.4910
  -> saved samples: outputs/samples/exp_gen_mnist/epoch_004.png
  Epoch 5/20  loss=503.3156  recon=456.8120  kl=46.5037
  -> saved samples: outputs/samples/exp_gen_mnist/epoch_005.png
  Epoch 6/20  loss=479.2074  recon=429.9654  kl=49.2421
  -> saved samples: outputs/samples/exp_gen_mnist/epoch_006.png
  Epoch 7/20  loss=466.0824  recon=415.4443  kl=50.6382
  -> saved samples: outputs/samples/exp_gen_mnist/epoch_007.png
  Epoch 8/20  loss=454.2794  recon=402.5536  kl=51.7258
  -> saved samples: outputs/samples/exp_gen_mnist/epoch_008.png
  Epoch 9/20  loss=446.4672  recon=394.0433  kl=52.4239
  -> saved samples: outputs/samples/exp_gen_mnist/epoch_009.png
  Epoch 10/20  loss=441.6087  recon=388.8307  kl=52.7780
  -> saved samples: outputs/samples/exp_gen_mnist/epoch_010.png
  Epoch 11/20  loss=437.5731  recon=384.5837  kl=52.9893
  -> saved samples: outputs/samples/exp_gen_mnist/epoch_011.png
  Epoch 12/20  loss=434.7731  recon=381.6739  kl=53.0993
  -> saved samples: outputs/samples/exp_gen_mnist/epoch_012.png
  Epoch 13/20  loss=431.3147  recon=378.0160  kl=53.2987
  -> saved samples: outputs/samples/exp_gen_mnist/epoch_013.png
  Epoch 14/20  loss=429.3579  recon=376.1289  kl=53.2289
  -> saved samples: outputs/samples/exp_gen_mnist/epoch_014.png
  Epoch 15/20  loss=427.9395  recon=374.7418  kl=53.1977
  -> saved samples: outputs/samples/exp_gen_mnist/epoch_015.png
  Epoch 16/20  loss=426.0237  recon=372.6047  kl=53.4190
  -> saved samples: outputs/samples/exp_gen_mnist/epoch_016.png
  Epoch 17/20  loss=424.6126  recon=371.4768  kl=53.1358
  -> saved samples: outputs/samples/exp_gen_mnist/epoch_017.png
  Epoch 18/20  loss=422.9432  recon=369.6729  kl=53.2704
  -> saved samples: outputs/samples/exp_gen_mnist/epoch_018.png
  Epoch 19/20  loss=422.0095  recon=368.5877  kl=53.4218
  -> saved samples: outputs/samples/exp_gen_mnist/epoch_019.png
  Epoch 20/20  loss=420.6720  recon=367.4039  kl=53.2681
  -> saved samples: outputs/samples/exp_gen_mnist/epoch_020.png
Config saved to outputs/exp_gen_mnist/model_config.json
Config saved to outputs/exp_gen_mnist/train_config.json

Final Statistics for exp_gen_mnist:
