========================================
Job ID:    68188
Host:      blas
Start:     Fri Sep 25 17:11:28 CEST 2026
Directory: /home/ouesly/CBMC
========================================
Running all 4 experiments sequentially via mamba run...
Device: cuda

>>> Run 1/5 for exp_gen_mnist

=== [EXP 1] Generation — ArithmeticMNIST (ConvVAE) ===
  Epoch 1/20  loss=904.9537  recon=886.4254  kl=18.5283
  -> saved samples: outputs/samples/exp_gen_mnist/epoch_001.png
  Epoch 2/20  loss=742.4652  recon=732.9459  kl=9.5192
  -> saved samples: outputs/samples/exp_gen_mnist/epoch_002.png
  Epoch 3/20  loss=618.4445  recon=587.5162  kl=30.9282
  -> saved samples: outputs/samples/exp_gen_mnist/epoch_003.png
  Epoch 4/20  loss=537.2688  recon=495.1929  kl=42.0759
  -> saved samples: outputs/samples/exp_gen_mnist/epoch_004.png
  Epoch 5/20  loss=494.6917  recon=447.0700  kl=47.6217
  -> saved samples: outputs/samples/exp_gen_mnist/epoch_005.png
  Epoch 6/20  loss=469.8569  recon=419.5764  kl=50.2806
  -> saved samples: outputs/samples/exp_gen_mnist/epoch_006.png
  Epoch 7/20  loss=456.8030  recon=404.9224  kl=51.8805
  -> saved samples: outputs/samples/exp_gen_mnist/epoch_007.png
  Epoch 8/20  loss=449.0884  recon=396.4573  kl=52.6312
  -> saved samples: outputs/samples/exp_gen_mnist/epoch_008.png
  Epoch 9/20  loss=441.6818  recon=388.6471  kl=53.0347
  -> saved samples: outputs/samples/exp_gen_mnist/epoch_009.png
  Epoch 10/20  loss=438.1516  recon=384.8657  kl=53.2858
  -> saved samples: outputs/samples/exp_gen_mnist/epoch_010.png
  Epoch 11/20  loss=434.5568  recon=381.2667  kl=53.2901
  -> saved samples: outputs/samples/exp_gen_mnist/epoch_011.png
  Epoch 12/20  loss=432.2580  recon=378.8983  kl=53.3597
  -> saved samples: outputs/samples/exp_gen_mnist/epoch_012.png
  Epoch 13/20  loss=430.0524  recon=376.7442  kl=53.3082
  -> saved samples: outputs/samples/exp_gen_mnist/epoch_013.png
  Epoch 14/20  loss=427.6619  recon=374.1933  kl=53.4685
  -> saved samples: outputs/samples/exp_gen_mnist/epoch_014.png
  Epoch 15/20  loss=426.4911  recon=373.0621  kl=53.4290
  -> saved samples: outputs/samples/exp_gen_mnist/epoch_015.png
  Epoch 16/20  loss=424.8197  recon=371.3257  kl=53.4940
  -> saved samples: outputs/samples/exp_gen_mnist/epoch_016.png
  Epoch 17/20  loss=423.2312  recon=369.7807  kl=53.4505
  -> saved samples: outputs/samples/exp_gen_mnist/epoch_017.png
  Epoch 18/20  loss=422.1296  recon=368.7714  kl=53.3582
  -> saved samples: outputs/samples/exp_gen_mnist/epoch_018.png
  Epoch 19/20  loss=420.6811  recon=367.3030  kl=53.3781
  -> saved samples: outputs/samples/exp_gen_mnist/epoch_019.png
  Epoch 20/20  loss=419.9300  recon=366.5967  kl=53.3333
  -> saved samples: outputs/samples/exp_gen_mnist/epoch_020.png
Config saved to outputs/exp_gen_mnist/model_config.json
Config saved to outputs/exp_gen_mnist/train_config.json

>>> Run 2/5 for exp_gen_mnist

=== [EXP 1] Generation — ArithmeticMNIST (ConvVAE) ===
  Epoch 1/20  loss=865.0931  recon=848.3364  kl=16.7567
  -> saved samples: outputs/samples/exp_gen_mnist/epoch_001.png
  Epoch 2/20  loss=670.5831  recon=647.5987  kl=22.9844
  -> saved samples: outputs/samples/exp_gen_mnist/epoch_002.png
  Epoch 3/20  loss=562.7420  recon=524.1371  kl=38.6048
  -> saved samples: outputs/samples/exp_gen_mnist/epoch_003.png
  Epoch 4/20  loss=507.8793  recon=461.2111  kl=46.6682
  -> saved samples: outputs/samples/exp_gen_mnist/epoch_004.png
  Epoch 5/20  loss=474.9553  recon=424.1521  kl=50.8032
  -> saved samples: outputs/samples/exp_gen_mnist/epoch_005.png
  Epoch 6/20  loss=461.1351  recon=408.9058  kl=52.2293
  -> saved samples: outputs/samples/exp_gen_mnist/epoch_006.png
  Epoch 7/20  loss=451.1471  recon=397.9472  kl=53.1999
  -> saved samples: outputs/samples/exp_gen_mnist/epoch_007.png
  Epoch 8/20  loss=444.2614  recon=390.5773  kl=53.6840
  -> saved samples: outputs/samples/exp_gen_mnist/epoch_008.png
  Epoch 9/20  loss=439.0859  recon=385.0729  kl=54.0130
  -> saved samples: outputs/samples/exp_gen_mnist/epoch_009.png
  Epoch 10/20  loss=435.4891  recon=381.3230  kl=54.1661
  -> saved samples: outputs/samples/exp_gen_mnist/epoch_010.png
  Epoch 11/20  loss=432.7401  recon=378.5756  kl=54.1644
  -> saved samples: outputs/samples/exp_gen_mnist/epoch_011.png
  Epoch 12/20  loss=429.9383  recon=375.7676  kl=54.1707
  -> saved samples: outputs/samples/exp_gen_mnist/epoch_012.png
  Epoch 13/20  loss=427.8658  recon=373.6392  kl=54.2266
  -> saved samples: outputs/samples/exp_gen_mnist/epoch_013.png
  Epoch 14/20  loss=426.2560  recon=371.9897  kl=54.2662
  -> saved samples: outputs/samples/exp_gen_mnist/epoch_014.png
  Epoch 15/20  loss=424.3780  recon=370.1186  kl=54.2595
  -> saved samples: outputs/samples/exp_gen_mnist/epoch_015.png
  Epoch 16/20  loss=422.9722  recon=368.7110  kl=54.2612
  -> saved samples: outputs/samples/exp_gen_mnist/epoch_016.png
  Epoch 17/20  loss=422.1233  recon=367.8082  kl=54.3151
  -> saved samples: outputs/samples/exp_gen_mnist/epoch_017.png
  Epoch 18/20  loss=420.7557  recon=366.5345  kl=54.2212
  -> saved samples: outputs/samples/exp_gen_mnist/epoch_018.png
  Epoch 19/20  loss=419.5916  recon=365.4540  kl=54.1376
  -> saved samples: outputs/samples/exp_gen_mnist/epoch_019.png
  Epoch 20/20  loss=418.7416  recon=364.4620  kl=54.2796
  -> saved samples: outputs/samples/exp_gen_mnist/epoch_020.png
Config saved to outputs/exp_gen_mnist/model_config.json
Config saved to outputs/exp_gen_mnist/train_config.json

>>> Run 3/5 for exp_gen_mnist

=== [EXP 1] Generation — ArithmeticMNIST (ConvVAE) ===
  Epoch 1/20  loss=902.6775  recon=883.9167  kl=18.7607
  -> saved samples: outputs/samples/exp_gen_mnist/epoch_001.png
  Epoch 2/20  loss=684.0776  recon=664.2207  kl=19.8568
  -> saved samples: outputs/samples/exp_gen_mnist/epoch_002.png
  Epoch 3/20  loss=583.0643  recon=548.0212  kl=35.0432
  -> saved samples: outputs/samples/exp_gen_mnist/epoch_003.png
  Epoch 4/20  loss=523.2373  recon=479.5704  kl=43.6669
  -> saved samples: outputs/samples/exp_gen_mnist/epoch_004.png
  Epoch 5/20  loss=487.3191  recon=439.0934  kl=48.2257
  -> saved samples: outputs/samples/exp_gen_mnist/epoch_005.png
  Epoch 6/20  loss=467.4472  recon=417.0728  kl=50.3744
  -> saved samples: outputs/samples/exp_gen_mnist/epoch_006.png
  Epoch 7/20  loss=454.3211  recon=402.5284  kl=51.7927
  -> saved samples: outputs/samples/exp_gen_mnist/epoch_007.png
  Epoch 8/20  loss=446.5221  recon=393.9364  kl=52.5858
  -> saved samples: outputs/samples/exp_gen_mnist/epoch_008.png
  Epoch 9/20  loss=440.7023  recon=387.8149  kl=52.8874
  -> saved samples: outputs/samples/exp_gen_mnist/epoch_009.png
  Epoch 10/20  loss=436.7137  recon=383.5199  kl=53.1938
  -> saved samples: outputs/samples/exp_gen_mnist/epoch_010.png
  Epoch 11/20  loss=433.3971  recon=380.0886  kl=53.3086
  -> saved samples: outputs/samples/exp_gen_mnist/epoch_011.png
  Epoch 12/20  loss=432.0359  recon=378.7602  kl=53.2757
  -> saved samples: outputs/samples/exp_gen_mnist/epoch_012.png
  Epoch 13/20  loss=429.5205  recon=376.0242  kl=53.4963
  -> saved samples: outputs/samples/exp_gen_mnist/epoch_013.png
  Epoch 14/20  loss=427.4780  recon=373.8453  kl=53.6327
  -> saved samples: outputs/samples/exp_gen_mnist/epoch_014.png
  Epoch 15/20  loss=425.8429  recon=372.1799  kl=53.6629
  -> saved samples: outputs/samples/exp_gen_mnist/epoch_015.png
  Epoch 16/20  loss=423.2024  recon=369.7325  kl=53.4699
  -> saved samples: outputs/samples/exp_gen_mnist/epoch_016.png
  Epoch 17/20  loss=422.6583  recon=369.0236  kl=53.6346
  -> saved samples: outputs/samples/exp_gen_mnist/epoch_017.png
  Epoch 18/20  loss=421.6849  recon=368.1035  kl=53.5814
  -> saved samples: outputs/samples/exp_gen_mnist/epoch_018.png
  Epoch 19/20  loss=420.3813  recon=366.6936  kl=53.6877
  -> saved samples: outputs/samples/exp_gen_mnist/epoch_019.png
  Epoch 20/20  loss=419.4524  recon=365.8537  kl=53.5987
  -> saved samples: outputs/samples/exp_gen_mnist/epoch_020.png
Config saved to outputs/exp_gen_mnist/model_config.json
Config saved to outputs/exp_gen_mnist/train_config.json

>>> Run 4/5 for exp_gen_mnist

=== [EXP 1] Generation — ArithmeticMNIST (ConvVAE) ===
  Epoch 1/20  loss=987.6206  recon=940.3465  kl=47.2741
  -> saved samples: outputs/samples/exp_gen_mnist/epoch_001.png
  Epoch 2/20  loss=751.1654  recon=744.3943  kl=6.7711
  -> saved samples: outputs/samples/exp_gen_mnist/epoch_002.png
  Epoch 3/20  loss=705.9981  recon=691.9895  kl=14.0087
  -> saved samples: outputs/samples/exp_gen_mnist/epoch_003.png
  Epoch 4/20  loss=596.7923  recon=563.8929  kl=32.8995
  -> saved samples: outputs/samples/exp_gen_mnist/epoch_004.png
  Epoch 5/20  loss=535.2676  recon=493.5632  kl=41.7044
  -> saved samples: outputs/samples/exp_gen_mnist/epoch_005.png
  Epoch 6/20  loss=501.6388  recon=455.6046  kl=46.0342
  -> saved samples: outputs/samples/exp_gen_mnist/epoch_006.png
  Epoch 7/20  loss=480.0490  recon=431.5042  kl=48.5448
  -> saved samples: outputs/samples/exp_gen_mnist/epoch_007.png
  Epoch 8/20  loss=466.5081  recon=416.4385  kl=50.0695
  -> saved samples: outputs/samples/exp_gen_mnist/epoch_008.png
  Epoch 9/20  loss=457.0670  recon=406.1931  kl=50.8738
  -> saved samples: outputs/samples/exp_gen_mnist/epoch_009.png
  Epoch 10/20  loss=449.2068  recon=397.5877  kl=51.6191
  -> saved samples: outputs/samples/exp_gen_mnist/epoch_010.png
  Epoch 11/20  loss=443.3874  recon=391.2635  kl=52.1239
  -> saved samples: outputs/samples/exp_gen_mnist/epoch_011.png
  Epoch 12/20  loss=439.4724  recon=387.0714  kl=52.4010
  -> saved samples: outputs/samples/exp_gen_mnist/epoch_012.png
  Epoch 13/20  loss=435.6355  recon=383.0756  kl=52.5599
  -> saved samples: outputs/samples/exp_gen_mnist/epoch_013.png
  Epoch 14/20  loss=433.2044  recon=380.6911  kl=52.5134
  -> saved samples: outputs/samples/exp_gen_mnist/epoch_014.png
  Epoch 15/20  loss=430.7612  recon=377.9075  kl=52.8536
  -> saved samples: outputs/samples/exp_gen_mnist/epoch_015.png
  Epoch 16/20  loss=429.3552  recon=376.4918  kl=52.8634
  -> saved samples: outputs/samples/exp_gen_mnist/epoch_016.png
  Epoch 17/20  loss=428.2023  recon=375.3358  kl=52.8665
  -> saved samples: outputs/samples/exp_gen_mnist/epoch_017.png
  Epoch 18/20  loss=426.2251  recon=373.2751  kl=52.9499
  -> saved samples: outputs/samples/exp_gen_mnist/epoch_018.png
  Epoch 19/20  loss=424.5308  recon=371.5683  kl=52.9625
  -> saved samples: outputs/samples/exp_gen_mnist/epoch_019.png
  Epoch 20/20  loss=423.6600  recon=370.7510  kl=52.9090
  -> saved samples: outputs/samples/exp_gen_mnist/epoch_020.png
Config saved to outputs/exp_gen_mnist/model_config.json
Config saved to outputs/exp_gen_mnist/train_config.json

>>> Run 5/5 for exp_gen_mnist

=== [EXP 1] Generation — ArithmeticMNIST (ConvVAE) ===
  Epoch 1/20  loss=919.1602  recon=888.3403  kl=30.8199
  -> saved samples: outputs/samples/exp_gen_mnist/epoch_001.png
  Epoch 2/20  loss=696.9880  recon=678.9873  kl=18.0008
  -> saved samples: outputs/samples/exp_gen_mnist/epoch_002.png
  Epoch 3/20  loss=597.3825  recon=563.5783  kl=33.8041
  -> saved samples: outputs/samples/exp_gen_mnist/epoch_003.png
  Epoch 4/20  loss=541.2602  recon=499.8194  kl=41.4407
  -> saved samples: outputs/samples/exp_gen_mnist/epoch_004.png
  Epoch 5/20  loss=504.2988  recon=457.9496  kl=46.3492
  -> saved samples: outputs/samples/exp_gen_mnist/epoch_005.png
  Epoch 6/20  loss=479.6398  recon=430.4690  kl=49.1708
  -> saved samples: outputs/samples/exp_gen_mnist/epoch_006.png
  Epoch 7/20  loss=465.3214  recon=414.6035  kl=50.7179
  -> saved samples: outputs/samples/exp_gen_mnist/epoch_007.png
  Epoch 8/20  loss=453.6297  recon=401.7148  kl=51.9150
  -> saved samples: outputs/samples/exp_gen_mnist/epoch_008.png
  Epoch 9/20  loss=446.1496  recon=393.4717  kl=52.6779
  -> saved samples: outputs/samples/exp_gen_mnist/epoch_009.png
  Epoch 10/20  loss=441.2859  recon=388.2797  kl=53.0062
  -> saved samples: outputs/samples/exp_gen_mnist/epoch_010.png
  Epoch 11/20  loss=437.1388  recon=383.9374  kl=53.2014
  -> saved samples: outputs/samples/exp_gen_mnist/epoch_011.png
  Epoch 12/20  loss=434.4430  recon=381.2076  kl=53.2353
  -> saved samples: outputs/samples/exp_gen_mnist/epoch_012.png
  Epoch 13/20  loss=431.0083  recon=377.5981  kl=53.4102
  -> saved samples: outputs/samples/exp_gen_mnist/epoch_013.png
  Epoch 14/20  loss=428.9560  recon=375.6368  kl=53.3192
  -> saved samples: outputs/samples/exp_gen_mnist/epoch_014.png
  Epoch 15/20  loss=427.8704  recon=374.5724  kl=53.2979
  -> saved samples: outputs/samples/exp_gen_mnist/epoch_015.png
  Epoch 16/20  loss=425.8544  recon=372.3521  kl=53.5023
  -> saved samples: outputs/samples/exp_gen_mnist/epoch_016.png
  Epoch 17/20  loss=424.3949  recon=371.1386  kl=53.2563
  -> saved samples: outputs/samples/exp_gen_mnist/epoch_017.png
  Epoch 18/20  loss=422.7871  recon=369.4104  kl=53.3768
  -> saved samples: outputs/samples/exp_gen_mnist/epoch_018.png
  Epoch 19/20  loss=421.7838  recon=368.2359  kl=53.5478
  -> saved samples: outputs/samples/exp_gen_mnist/epoch_019.png
  Epoch 20/20  loss=420.6359  recon=367.3075  kl=53.3285
  -> saved samples: outputs/samples/exp_gen_mnist/epoch_020.png
Config saved to outputs/exp_gen_mnist/model_config.json
Config saved to outputs/exp_gen_mnist/train_config.json

Final Statistics for exp_gen_mnist:
  -> saved results: outputs/results/exp_gen_mnist_stats.csv

All done.
Device: cuda

>>> Run 1/5 for exp_gen_pendulum

=== [EXP 2] Generation — Pendulum (vanilla ConvVAE) ===
  Epoch 1/20  loss=336.7647  recon=336.1316  kl=633.0339
  -> saved samples: outputs/samples/exp_gen_pendulum/epoch_001.png
  Epoch 2/20  loss=17.9559  recon=17.7144  kl=241.4256
  -> saved samples: outputs/samples/exp_gen_pendulum/epoch_002.png
  Epoch 3/20  loss=1.4668  recon=1.2584  kl=208.4179
  -> saved samples: outputs/samples/exp_gen_pendulum/epoch_003.png
  Epoch 4/20  loss=1.1117  recon=0.9259  kl=185.7748
  -> saved samples: outputs/samples/exp_gen_pendulum/epoch_004.png
  Epoch 5/20  loss=0.9818  recon=0.8088  kl=172.9791
  -> saved samples: outputs/samples/exp_gen_pendulum/epoch_005.png
  Epoch 6/20  loss=0.8081  recon=0.6450  kl=163.1751
  -> saved samples: outputs/samples/exp_gen_pendulum/epoch_006.png
  Epoch 7/20  loss=0.7472  recon=0.5907  kl=156.5111
  -> saved samples: outputs/samples/exp_gen_pendulum/epoch_007.png
  Epoch 8/20  loss=0.6425  recon=0.4911  kl=151.4423
  -> saved samples: outputs/samples/exp_gen_pendulum/epoch_008.png
  Epoch 9/20  loss=0.7386  recon=0.5903  kl=148.2847
  -> saved samples: outputs/samples/exp_gen_pendulum/epoch_009.png
  Epoch 10/20  loss=0.4537  recon=0.3084  kl=145.2945
  -> saved samples: outputs/samples/exp_gen_pendulum/epoch_010.png
  Epoch 11/20  loss=0.4739  recon=0.3308  kl=143.0824
  -> saved samples: outputs/samples/exp_gen_pendulum/epoch_011.png
  Epoch 12/20  loss=0.4636  recon=0.3221  kl=141.5098
  -> saved samples: outputs/samples/exp_gen_pendulum/epoch_012.png
  Epoch 13/20  loss=0.4343  recon=0.2944  kl=139.9404
  -> saved samples: outputs/samples/exp_gen_pendulum/epoch_013.png
  Epoch 14/20  loss=0.4519  recon=0.3130  kl=138.9117
  -> saved samples: outputs/samples/exp_gen_pendulum/epoch_014.png
  Epoch 15/20  loss=0.3068  recon=0.1692  kl=137.5767
  -> saved samples: outputs/samples/exp_gen_pendulum/epoch_015.png
  Epoch 16/20  loss=0.3755  recon=0.2387  kl=136.8621
  -> saved samples: outputs/samples/exp_gen_pendulum/epoch_016.png
  Epoch 17/20  loss=0.3443  recon=0.2085  kl=135.8814
  -> saved samples: outputs/samples/exp_gen_pendulum/epoch_017.png
  Epoch 18/20  loss=0.3643  recon=0.2290  kl=135.3254
  -> saved samples: outputs/samples/exp_gen_pendulum/epoch_018.png
  Epoch 19/20  loss=0.3118  recon=0.1775  kl=134.3302
  -> saved samples: outputs/samples/exp_gen_pendulum/epoch_019.png
  Epoch 20/20  loss=0.3982  recon=0.2645  kl=133.6784
  -> saved samples: outputs/samples/exp_gen_pendulum/epoch_020.png
Config saved to outputs/exp_gen_pendulum/model_config.json
Config saved to outputs/exp_gen_pendulum/train_config.json

>>> Run 2/5 for exp_gen_pendulum

=== [EXP 2] Generation — Pendulum (vanilla ConvVAE) ===
  Epoch 1/20  loss=341.6471  recon=341.1780  kl=469.1539
  -> saved samples: outputs/samples/exp_gen_pendulum/epoch_001.png
  Epoch 2/20  loss=330.0875  recon=330.0843  kl=3.1558
  -> saved samples: outputs/samples/exp_gen_pendulum/epoch_002.png
  Epoch 3/20  loss=330.0853  recon=330.0834  kl=1.9827
  -> saved samples: outputs/samples/exp_gen_pendulum/epoch_003.png
  Epoch 4/20  loss=330.0809  recon=330.0801  kl=0.8082
  -> saved samples: outputs/samples/exp_gen_pendulum/epoch_004.png
  Epoch 5/20  loss=281.7962  recon=281.7562  kl=40.0136
  -> saved samples: outputs/samples/exp_gen_pendulum/epoch_005.png
  Epoch 6/20  loss=1.9001  recon=1.7155  kl=184.5571
  -> saved samples: outputs/samples/exp_gen_pendulum/epoch_006.png
  Epoch 7/20  loss=1.0550  recon=0.8839  kl=171.1572
  -> saved samples: outputs/samples/exp_gen_pendulum/epoch_007.png
  Epoch 8/20  loss=0.8887  recon=0.7250  kl=163.6633
  -> saved samples: outputs/samples/exp_gen_pendulum/epoch_008.png
  Epoch 9/20  loss=0.7010  recon=0.5433  kl=157.7502
  -> saved samples: outputs/samples/exp_gen_pendulum/epoch_009.png
  Epoch 10/20  loss=0.6768  recon=0.5232  kl=153.6872
  -> saved samples: outputs/samples/exp_gen_pendulum/epoch_010.png
  Epoch 11/20  loss=0.5613  recon=0.4111  kl=150.2777
  -> saved samples: outputs/samples/exp_gen_pendulum/epoch_011.png
  Epoch 12/20  loss=0.5230  recon=0.3751  kl=147.9073
  -> saved samples: outputs/samples/exp_gen_pendulum/epoch_012.png
  Epoch 13/20  loss=0.5007  recon=0.3549  kl=145.8244
  -> saved samples: outputs/samples/exp_gen_pendulum/epoch_013.png
  Epoch 14/20  loss=0.4432  recon=0.2990  kl=144.2548
  -> saved samples: outputs/samples/exp_gen_pendulum/epoch_014.png
  Epoch 15/20  loss=0.4104  recon=0.2675  kl=142.9213
  -> saved samples: outputs/samples/exp_gen_pendulum/epoch_015.png
  Epoch 16/20  loss=0.5736  recon=0.4310  kl=142.5897
  -> saved samples: outputs/samples/exp_gen_pendulum/epoch_016.png
  Epoch 17/20  loss=0.3340  recon=0.1932  kl=140.8629
  -> saved samples: outputs/samples/exp_gen_pendulum/epoch_017.png
  Epoch 18/20  loss=0.3649  recon=0.2256  kl=139.3471
  -> saved samples: outputs/samples/exp_gen_pendulum/epoch_018.png
  Epoch 19/20  loss=0.3499  recon=0.2119  kl=138.0056
  -> saved samples: outputs/samples/exp_gen_pendulum/epoch_019.png
  Epoch 20/20  loss=0.3376  recon=0.2006  kl=136.9879
  -> saved samples: outputs/samples/exp_gen_pendulum/epoch_020.png
Config saved to outputs/exp_gen_pendulum/model_config.json
Config saved to outputs/exp_gen_pendulum/train_config.json

>>> Run 3/5 for exp_gen_pendulum

=== [EXP 2] Generation — Pendulum (vanilla ConvVAE) ===
  Epoch 1/20  loss=339.5701  recon=338.8648  kl=705.2948
  -> saved samples: outputs/samples/exp_gen_pendulum/epoch_001.png
  Epoch 2/20  loss=330.0912  recon=330.0851  kl=6.1100
  -> saved samples: outputs/samples/exp_gen_pendulum/epoch_002.png
  Epoch 3/20  loss=112.4506  recon=112.3115  kl=139.0942
  -> saved samples: outputs/samples/exp_gen_pendulum/epoch_003.png
  Epoch 4/20  loss=1.4372  recon=1.2565  kl=180.7281
  -> saved samples: outputs/samples/exp_gen_pendulum/epoch_004.png
  Epoch 5/20  loss=1.0637  recon=0.8950  kl=168.6998
  -> saved samples: outputs/samples/exp_gen_pendulum/epoch_005.png
  Epoch 6/20  loss=0.8537  recon=0.6920  kl=161.7239
  -> saved samples: outputs/samples/exp_gen_pendulum/epoch_006.png
  Epoch 7/20  loss=0.7549  recon=0.5981  kl=156.8468
  -> saved samples: outputs/samples/exp_gen_pendulum/epoch_007.png
  Epoch 8/20  loss=0.7363  recon=0.5829  kl=153.3851
  -> saved samples: outputs/samples/exp_gen_pendulum/epoch_008.png
  Epoch 9/20  loss=0.6158  recon=0.4643  kl=151.5156
  -> saved samples: outputs/samples/exp_gen_pendulum/epoch_009.png
  Epoch 10/20  loss=0.6539  recon=0.5043  kl=149.6324
  -> saved samples: outputs/samples/exp_gen_pendulum/epoch_010.png
  Epoch 11/20  loss=0.4546  recon=0.3054  kl=149.2116
  -> saved samples: outputs/samples/exp_gen_pendulum/epoch_011.png
  Epoch 12/20  loss=0.4826  recon=0.3349  kl=147.7235
  -> saved samples: outputs/samples/exp_gen_pendulum/epoch_012.png
  Epoch 13/20  loss=0.4232  recon=0.2768  kl=146.4276
  -> saved samples: outputs/samples/exp_gen_pendulum/epoch_013.png
  Epoch 14/20  loss=0.5641  recon=0.4184  kl=145.6955
  -> saved samples: outputs/samples/exp_gen_pendulum/epoch_014.png
  Epoch 15/20  loss=0.3182  recon=0.1731  kl=145.1094
  -> saved samples: outputs/samples/exp_gen_pendulum/epoch_015.png
  Epoch 16/20  loss=0.3605  recon=0.2166  kl=143.8592
  -> saved samples: outputs/samples/exp_gen_pendulum/epoch_016.png
  Epoch 17/20  loss=0.5521  recon=0.4072  kl=144.8805
  -> saved samples: outputs/samples/exp_gen_pendulum/epoch_017.png
  Epoch 18/20  loss=0.2980  recon=0.1551  kl=142.8898
  -> saved samples: outputs/samples/exp_gen_pendulum/epoch_018.png
  Epoch 19/20  loss=0.3356  recon=0.1940  kl=141.6325
  -> saved samples: outputs/samples/exp_gen_pendulum/epoch_019.png
  Epoch 20/20  loss=0.4274  recon=0.2859  kl=141.5029
  -> saved samples: outputs/samples/exp_gen_pendulum/epoch_020.png
Config saved to outputs/exp_gen_pendulum/model_config.json
Config saved to outputs/exp_gen_pendulum/train_config.json

>>> Run 4/5 for exp_gen_pendulum

=== [EXP 2] Generation — Pendulum (vanilla ConvVAE) ===
  Epoch 1/20  loss=195.5782  recon=193.4555  kl=2122.7023
  -> saved samples: outputs/samples/exp_gen_pendulum/epoch_001.png
  Epoch 2/20  loss=1.8380  recon=1.6278  kl=210.2240
  -> saved samples: outputs/samples/exp_gen_pendulum/epoch_002.png
  Epoch 3/20  loss=1.2312  recon=1.0496  kl=181.6005
  -> saved samples: outputs/samples/exp_gen_pendulum/epoch_003.png
  Epoch 4/20  loss=0.9662  recon=0.7986  kl=167.5763
  -> saved samples: outputs/samples/exp_gen_pendulum/epoch_004.png
  Epoch 5/20  loss=0.8168  recon=0.6581  kl=158.6475
  -> saved samples: outputs/samples/exp_gen_pendulum/epoch_005.png
  Epoch 6/20  loss=0.7368  recon=0.5835  kl=153.2768
  -> saved samples: outputs/samples/exp_gen_pendulum/epoch_006.png
  Epoch 7/20  loss=0.6489  recon=0.4988  kl=150.0590
  -> saved samples: outputs/samples/exp_gen_pendulum/epoch_007.png
  Epoch 8/20  loss=0.6040  recon=0.4556  kl=148.3365
  -> saved samples: outputs/samples/exp_gen_pendulum/epoch_008.png
  Epoch 9/20  loss=0.5512  recon=0.4046  kl=146.5887
  -> saved samples: outputs/samples/exp_gen_pendulum/epoch_009.png
  Epoch 10/20  loss=0.5103  recon=0.3654  kl=144.9565
  -> saved samples: outputs/samples/exp_gen_pendulum/epoch_010.png
  Epoch 11/20  loss=0.4640  recon=0.3205  kl=143.5294
  -> saved samples: outputs/samples/exp_gen_pendulum/epoch_011.png
  Epoch 12/20  loss=0.5174  recon=0.3741  kl=143.2961
  -> saved samples: outputs/samples/exp_gen_pendulum/epoch_012.png
  Epoch 13/20  loss=0.4053  recon=0.2636  kl=141.7174
  -> saved samples: outputs/samples/exp_gen_pendulum/epoch_013.png
  Epoch 14/20  loss=0.4047  recon=0.2640  kl=140.6808
  -> saved samples: outputs/samples/exp_gen_pendulum/epoch_014.png
  Epoch 15/20  loss=0.4095  recon=0.2703  kl=139.1542
  -> saved samples: outputs/samples/exp_gen_pendulum/epoch_015.png
  Epoch 16/20  loss=0.3011  recon=0.1621  kl=139.0084
  -> saved samples: outputs/samples/exp_gen_pendulum/epoch_016.png
  Epoch 17/20  loss=0.3263  recon=0.1886  kl=137.7123
  -> saved samples: outputs/samples/exp_gen_pendulum/epoch_017.png
  Epoch 18/20  loss=0.4358  recon=0.2985  kl=137.3440
  -> saved samples: outputs/samples/exp_gen_pendulum/epoch_018.png
  Epoch 19/20  loss=0.2486  recon=0.1124  kl=136.1940
  -> saved samples: outputs/samples/exp_gen_pendulum/epoch_019.png
  Epoch 20/20  loss=0.2863  recon=0.1514  kl=134.8466
  -> saved samples: outputs/samples/exp_gen_pendulum/epoch_020.png
Config saved to outputs/exp_gen_pendulum/model_config.json
Config saved to outputs/exp_gen_pendulum/train_config.json

>>> Run 5/5 for exp_gen_pendulum

=== [EXP 2] Generation — Pendulum (vanilla ConvVAE) ===
  Epoch 1/20  loss=65.3211  recon=64.7206  kl=600.5537
  -> saved samples: outputs/samples/exp_gen_pendulum/epoch_001.png
  Epoch 2/20  loss=1.6102  recon=1.3804  kl=229.7862
  -> saved samples: outputs/samples/exp_gen_pendulum/epoch_002.png
  Epoch 3/20  loss=1.1434  recon=0.9625  kl=180.8232
  -> saved samples: outputs/samples/exp_gen_pendulum/epoch_003.png
  Epoch 4/20  loss=0.9181  recon=0.7548  kl=163.3021
  -> saved samples: outputs/samples/exp_gen_pendulum/epoch_004.png
  Epoch 5/20  loss=0.8322  recon=0.6785  kl=153.6867
  -> saved samples: outputs/samples/exp_gen_pendulum/epoch_005.png
  Epoch 6/20  loss=0.6947  recon=0.5463  kl=148.4574
  -> saved samples: outputs/samples/exp_gen_pendulum/epoch_006.png
  Epoch 7/20  loss=0.6600  recon=0.5155  kl=144.5263
  -> saved samples: outputs/samples/exp_gen_pendulum/epoch_007.png
  Epoch 8/20  loss=0.5267  recon=0.3847  kl=141.9653
  -> saved samples: outputs/samples/exp_gen_pendulum/epoch_008.png
  Epoch 9/20  loss=0.4880  recon=0.3478  kl=140.1615
  -> saved samples: outputs/samples/exp_gen_pendulum/epoch_009.png
  Epoch 10/20  loss=0.4535  recon=0.3151  kl=138.3893
  -> saved samples: outputs/samples/exp_gen_pendulum/epoch_010.png
  Epoch 11/20  loss=0.4405  recon=0.3035  kl=137.0005
  -> saved samples: outputs/samples/exp_gen_pendulum/epoch_011.png
  Epoch 12/20  loss=0.4291  recon=0.2931  kl=136.0095
  -> saved samples: outputs/samples/exp_gen_pendulum/epoch_012.png
  Epoch 13/20  loss=0.4326  recon=0.2976  kl=135.0088
  -> saved samples: outputs/samples/exp_gen_pendulum/epoch_013.png
  Epoch 14/20  loss=0.2666  recon=0.1334  kl=133.1605
  -> saved samples: outputs/samples/exp_gen_pendulum/epoch_014.png
  Epoch 15/20  loss=0.4315  recon=0.2981  kl=133.3681
  -> saved samples: outputs/samples/exp_gen_pendulum/epoch_015.png
  Epoch 16/20  loss=0.2956  recon=0.1641  kl=131.5554
  -> saved samples: outputs/samples/exp_gen_pendulum/epoch_016.png
  Epoch 17/20  loss=0.2751  recon=0.1452  kl=129.8780
  -> saved samples: outputs/samples/exp_gen_pendulum/epoch_017.png
  Epoch 18/20  loss=0.3382  recon=0.2085  kl=129.6906
  -> saved samples: outputs/samples/exp_gen_pendulum/epoch_018.png
  Epoch 19/20  loss=0.2652  recon=0.1368  kl=128.4025
  -> saved samples: outputs/samples/exp_gen_pendulum/epoch_019.png
  Epoch 20/20  loss=0.2658  recon=0.1385  kl=127.3089
  -> saved samples: outputs/samples/exp_gen_pendulum/epoch_020.png
Config saved to outputs/exp_gen_pendulum/model_config.json
Config saved to outputs/exp_gen_pendulum/train_config.json

Final Statistics for exp_gen_pendulum:
  -> saved results: outputs/results/exp_gen_pendulum_stats.csv

All done.
Device: cuda

>>> Run 1/5 for exp_cls_mnist

=== [EXP 3] CNN Regression — ArithmeticMNIST ===
  Epoch 1/20  mse=295.2488
  Epoch 2/20  mse=252.2900
  Epoch 3/20  mse=248.5287
  Epoch 4/20  mse=246.9025
  Epoch 5/20  mse=238.9350
  Epoch 6/20  mse=229.1723
  Epoch 7/20  mse=210.7390
  Epoch 8/20  mse=184.6811
  Epoch 9/20  mse=156.3746
  Epoch 10/20  mse=147.0103
  Epoch 11/20  mse=123.2667
  Epoch 12/20  mse=113.8136
  Epoch 13/20  mse=109.3614
  Epoch 14/20  mse=97.9219
  Epoch 15/20  mse=89.6663
  Epoch 16/20  mse=82.3225
  Epoch 17/20  mse=85.6274
  Epoch 18/20  mse=79.0831
  Epoch 19/20  mse=74.7220
  Epoch 20/20  mse=72.9992
  Test MSE: 74.3653
  -> saved results: outputs/results/exp_cls_mnist.csv
Config saved to outputs/exp_cls_mnist/model_config.json
Config saved to outputs/exp_cls_mnist/train_config.json

>>> Run 2/5 for exp_cls_mnist

=== [EXP 3] CNN Regression — ArithmeticMNIST ===
  Epoch 1/20  mse=293.3317
  Epoch 2/20  mse=254.8577
  Epoch 3/20  mse=256.8181
  Epoch 4/20  mse=243.7494
  Epoch 5/20  mse=235.1693
  Epoch 6/20  mse=222.1175
  Epoch 7/20  mse=205.8095
  Epoch 8/20  mse=186.7033
  Epoch 9/20  mse=169.6179
  Epoch 10/20  mse=161.3541
  Epoch 11/20  mse=139.1588
  Epoch 12/20  mse=122.2343
  Epoch 13/20  mse=108.6020
  Epoch 14/20  mse=99.9131
  Epoch 15/20  mse=101.2375
  Epoch 16/20  mse=91.3431
  Epoch 17/20  mse=91.6343
  Epoch 18/20  mse=77.9051
  Epoch 19/20  mse=78.2566
  Epoch 20/20  mse=71.6439
  Test MSE: 74.6902
  -> saved results: outputs/results/exp_cls_mnist.csv
Config saved to outputs/exp_cls_mnist/model_config.json
Config saved to outputs/exp_cls_mnist/train_config.json

>>> Run 3/5 for exp_cls_mnist

=== [EXP 3] CNN Regression — ArithmeticMNIST ===
  Epoch 1/20  mse=284.1394
  Epoch 2/20  mse=254.1995
  Epoch 3/20  mse=249.8029
  Epoch 4/20  mse=246.7856
  Epoch 5/20  mse=235.6541
  Epoch 6/20  mse=225.8446
  Epoch 7/20  mse=193.1273
  Epoch 8/20  mse=150.0504
  Epoch 9/20  mse=127.9372
  Epoch 10/20  mse=102.6919
  Epoch 11/20  mse=93.1355
  Epoch 12/20  mse=84.8052
  Epoch 13/20  mse=86.3322
  Epoch 14/20  mse=81.3635
  Epoch 15/20  mse=74.2400
  Epoch 16/20  mse=73.9276
  Epoch 17/20  mse=71.6563
  Epoch 18/20  mse=71.3534
  Epoch 19/20  mse=64.1497
  Epoch 20/20  mse=66.2410
  Test MSE: 62.4685
  -> saved results: outputs/results/exp_cls_mnist.csv
Config saved to outputs/exp_cls_mnist/model_config.json
Config saved to outputs/exp_cls_mnist/train_config.json

>>> Run 4/5 for exp_cls_mnist

=== [EXP 3] CNN Regression — ArithmeticMNIST ===
  Epoch 1/20  mse=288.0006
  Epoch 2/20  mse=250.2331
  Epoch 3/20  mse=248.0520
  Epoch 4/20  mse=243.1682
  Epoch 5/20  mse=235.4466
  Epoch 6/20  mse=212.1118
  Epoch 7/20  mse=198.6215
  Epoch 8/20  mse=176.6179
  Epoch 9/20  mse=169.6918
  Epoch 10/20  mse=145.6966
  Epoch 11/20  mse=135.0359
  Epoch 12/20  mse=120.1091
  Epoch 13/20  mse=100.9174
  Epoch 14/20  mse=90.8035
  Epoch 15/20  mse=82.5900
  Epoch 16/20  mse=85.7479
  Epoch 17/20  mse=81.8542
  Epoch 18/20  mse=71.8458
  Epoch 19/20  mse=72.1145
  Epoch 20/20  mse=65.8600
  Test MSE: 64.5462
  -> saved results: outputs/results/exp_cls_mnist.csv
Config saved to outputs/exp_cls_mnist/model_config.json
Config saved to outputs/exp_cls_mnist/train_config.json

>>> Run 5/5 for exp_cls_mnist

=== [EXP 3] CNN Regression — ArithmeticMNIST ===
  Epoch 1/20  mse=288.0400
  Epoch 2/20  mse=253.5674
  Epoch 3/20  mse=249.7568
  Epoch 4/20  mse=251.4853
  Epoch 5/20  mse=241.1919
  Epoch 6/20  mse=233.1662
  Epoch 7/20  mse=229.5323
  Epoch 8/20  mse=202.0139
  Epoch 9/20  mse=171.9489
  Epoch 10/20  mse=140.4341
  Epoch 11/20  mse=137.6832
  Epoch 12/20  mse=120.9214
  Epoch 13/20  mse=110.8178
  Epoch 14/20  mse=106.5535
  Epoch 15/20  mse=95.2794
  Epoch 16/20  mse=94.8667
  Epoch 17/20  mse=94.5293
  Epoch 18/20  mse=90.7863
  Epoch 19/20  mse=85.1089
  Epoch 20/20  mse=81.2131
  Test MSE: 76.4738
  -> saved results: outputs/results/exp_cls_mnist.csv
Config saved to outputs/exp_cls_mnist/model_config.json
Config saved to outputs/exp_cls_mnist/train_config.json

Final Statistics for exp_cls_mnist:
  Task MSE: 70.508811 ± 5.798929
  -> saved results: outputs/results/exp_cls_mnist_stats.csv

All done.
Device: cuda

>>> Run 1/5 for exp_cls_pendulum

=== [EXP 4] CNN Regression — Pendulum ===
  Epoch 1/10  mse_orig=1021.7939
  Epoch 2/10  mse_orig=265.9111
  Epoch 3/10  mse_orig=233.9659
  Epoch 4/10  mse_orig=229.6300
  Epoch 5/10  mse_orig=225.8475
  Epoch 6/10  mse_orig=225.2699
  Epoch 7/10  mse_orig=223.2203
  Epoch 8/10  mse_orig=218.9346
  Epoch 9/10  mse_orig=217.6477
  Epoch 10/10  mse_orig=217.2893
  Test MSE (original scale): 203.6815
  -> saved results: outputs/results/exp_cls_pendulum.csv
Config saved to outputs/exp_cls_pendulum/model_config.json
Config saved to outputs/exp_cls_pendulum/train_config.json

>>> Run 2/5 for exp_cls_pendulum

=== [EXP 4] CNN Regression — Pendulum ===
  Epoch 1/10  mse_orig=1071.0125
  Epoch 2/10  mse_orig=256.4407
  Epoch 3/10  mse_orig=234.4328
  Epoch 4/10  mse_orig=233.4868
  Epoch 5/10  mse_orig=222.9735
  Epoch 6/10  mse_orig=221.9298
  Epoch 7/10  mse_orig=224.5951
  Epoch 8/10  mse_orig=218.3589
  Epoch 9/10  mse_orig=215.8877
  Epoch 10/10  mse_orig=216.2340
  Test MSE (original scale): 206.3685
  -> saved results: outputs/results/exp_cls_pendulum.csv
Config saved to outputs/exp_cls_pendulum/model_config.json
Config saved to outputs/exp_cls_pendulum/train_config.json

>>> Run 3/5 for exp_cls_pendulum

=== [EXP 4] CNN Regression — Pendulum ===
  Epoch 1/10  mse_orig=1107.5148
  Epoch 2/10  mse_orig=243.5640
  Epoch 3/10  mse_orig=228.8039
  Epoch 4/10  mse_orig=223.8503
  Epoch 5/10  mse_orig=223.1542
  Epoch 6/10  mse_orig=217.0388
  Epoch 7/10  mse_orig=216.8732
  Epoch 8/10  mse_orig=215.4301
  Epoch 9/10  mse_orig=213.7979
  Epoch 10/10  mse_orig=214.0630
  Test MSE (original scale): 204.6093
  -> saved results: outputs/results/exp_cls_pendulum.csv
Config saved to outputs/exp_cls_pendulum/model_config.json
Config saved to outputs/exp_cls_pendulum/train_config.json

>>> Run 4/5 for exp_cls_pendulum

=== [EXP 4] CNN Regression — Pendulum ===
  Epoch 1/10  mse_orig=1199.4328
  Epoch 2/10  mse_orig=252.2804
  Epoch 3/10  mse_orig=231.7539
  Epoch 4/10  mse_orig=225.9177
  Epoch 5/10  mse_orig=220.1613
  Epoch 6/10  mse_orig=219.6262
  Epoch 7/10  mse_orig=216.3172
  Epoch 8/10  mse_orig=218.7309
  Epoch 9/10  mse_orig=215.2661
  Epoch 10/10  mse_orig=211.7079
  Test MSE (original scale): 243.1976
  -> saved results: outputs/results/exp_cls_pendulum.csv
Config saved to outputs/exp_cls_pendulum/model_config.json
Config saved to outputs/exp_cls_pendulum/train_config.json

>>> Run 5/5 for exp_cls_pendulum

=== [EXP 4] CNN Regression — Pendulum ===
  Epoch 1/10  mse_orig=937.1530
  Epoch 2/10  mse_orig=246.4289
  Epoch 3/10  mse_orig=229.8302
  Epoch 4/10  mse_orig=223.2391
  Epoch 5/10  mse_orig=221.2315
  Epoch 6/10  mse_orig=218.7708
  Epoch 7/10  mse_orig=216.1770
  Epoch 8/10  mse_orig=215.5730
  Epoch 9/10  mse_orig=213.4019
  Epoch 10/10  mse_orig=211.2553
  Test MSE (original scale): 229.0806
  -> saved results: outputs/results/exp_cls_pendulum.csv
Config saved to outputs/exp_cls_pendulum/model_config.json
Config saved to outputs/exp_cls_pendulum/train_config.json

Final Statistics for exp_cls_pendulum:
  Task MSE: 217.387475 ± 15.971496
  -> saved results: outputs/results/exp_cls_pendulum_stats.csv

All done.
========================================
End:         Fri Sep 25 18:07:03 CEST 2026
Exit status: 0
========================================
